# ---------------------------------------------------------------------------
# Created on Mon Dec 22 23:34:13 +0100 2025 with report_failfast (2023.09.14)
# ---------------------------------------------------------------------------

 +-------------------------------------------------------------------------------------------------------------------------------------------------------------------+
 | Clock Buffers (BUFGCE / BUFGCE_DIV / BUFGCTRL)                                                                                                                    |
 +-------------+------------------------------------------------------------------------+------------------------------------------+-------+--------+----------------+
 | Driver Type | Driver Pin                                                             | Net                                      | Slack | Fanout | Load Pins      |
 +-------------+------------------------------------------------------------------------+------------------------------------------+-------+--------+----------------+
 | BUFGCE      | bd_0_i/hls_inst/U0/ap_CS_fsm_reg[1]_bufg_place/O                       | bd_0_i/hls_inst/U0/ap_CS_fsm_state2      | 1.453 | 1715   | FDRE/CE (1715) |
 | BUFGCE      | bd_0_i/hls_inst/U0/ap_CS_fsm_reg[5]_bufg_place/O                       | bd_0_i/hls_inst/U0/ap_CS_fsm_state6      | 1.436 | 1636   | FDRE/CE (1636) |
 | BUFGCE      | bd_0_i/hls_inst/U0/ap_CS_fsm_reg[3]_bufg_place/O                       | bd_0_i/hls_inst/U0/ap_CS_fsm_state4      | 1.411 | 1601   | FDRE/CE (1601) |
 | BUFGCE      | bd_0_i/hls_inst/U0/control_s_axi_U/state_0_fu_290[63]_i_1_bufg_place/O | bd_0_i/hls_inst/U0/control_s_axi_U/SR[0] | 0.665 | 1600   | FDRE/R (1600)  |
 +-------------+------------------------------------------------------------------------+------------------------------------------+-------+--------+----------------+
