Copyright 1986-2022 Xilinx, Inc. All Rights Reserved. Copyright 2022-2025 Advanced Micro Devices, Inc. All Rights Reserved.
---------------------------------------------------------------------------------------------------------------------------------------------
| Tool Version : Vivado v.2025.2 (win64) Build 6299465 Fri Nov 14 19:35:11 GMT 2025
| Date         : Mon Dec 22 23:32:03 2025
| Host         : DESKTOP-DI4989O running 64-bit major release  (build 9200)
| Command      : report_control_sets -verbose -file bd_0_wrapper_control_sets_placed.rpt
| Design       : bd_0_wrapper
| Device       : xck26
---------------------------------------------------------------------------------------------------------------------------------------------

Control Set Information

Table of Contents
-----------------
1. Summary
2. Histogram
3. Flip-Flop Distribution
4. Detailed Control Set Information

1. Summary
----------

+----------------------------------------------------------+-------+
|                          Status                          | Count |
+----------------------------------------------------------+-------+
| Total control sets                                       |    75 |
|    Minimum number of control sets                        |    65 |
|    Addition due to synthesis replication                 |     0 |
|    Addition due to physical synthesis replication        |    10 |
| Unused register locations in slices containing registers |    42 |
+----------------------------------------------------------+-------+
* Control sets can be merged at opt_design using control_set_merge or merge_equivalent_drivers
** Run report_qor_suggestions for automated merging and remapping suggestions


2. Histogram
------------

+--------------------+-------+
|       Fanout       | Count |
+--------------------+-------+
| Total control sets |    75 |
| >= 0 to < 4        |     4 |
| >= 4 to < 6        |     5 |
| >= 6 to < 8        |     2 |
| >= 8 to < 10       |     8 |
| >= 10 to < 12      |     1 |
| >= 12 to < 14      |     0 |
| >= 14 to < 16      |     1 |
| >= 16              |    54 |
+--------------------+-------+
* Control sets can be remapped at either synth_design or opt_design


3. Flip-Flop Distribution
-------------------------

+--------------+-----------------------+------------------------+-----------------+--------------+
| Clock Enable | Synchronous Set/Reset | Asynchronous Set/Reset | Total Registers | Total Slices |
+--------------+-----------------------+------------------------+-----------------+--------------+
| No           | No                    | No                     |            1631 |          987 |
| No           | No                    | Yes                    |               0 |            0 |
| No           | Yes                   | No                     |              95 |           39 |
| Yes          | No                    | No                     |            8748 |         2114 |
| Yes          | No                    | Yes                    |               0 |            0 |
| Yes          | Yes                   | No                     |            1772 |          924 |
+--------------+-----------------------+------------------------+-----------------+--------------+


4. Detailed Control Set Information
-----------------------------------

+--------------+--------------------------------------------------------------------------------------------------------------------------------------+--------------------------------------------------------------------------------------------------------------------------------------------------------------------------+------------------+----------------+--------------+
| Clock Signal |                                                             Enable Signal                                                            |                                                                             Set/Reset Signal                                                                             | Slice Load Count | Bel Load Count | Bels / Slice |
+--------------+--------------------------------------------------------------------------------------------------------------------------------------+--------------------------------------------------------------------------------------------------------------------------------------------------------------------------+------------------+----------------+--------------+
|  ap_clk      | bd_0_i/hls_inst/U0/grp_keccak_top_Pipeline_SQUEEZE_BLOCK_fu_4103/ap_enable_reg_pp0_iter2_reg_1                                       | bd_0_i/hls_inst/U0/grp_keccak_top_Pipeline_SQUEEZE_BLOCK_fu_4103/icmp_ln315_reg_714_reg[0]_0                                                                             |                1 |              1 |         1.00 |
|  ap_clk      | bd_0_i/hls_inst/U0/ap_CS_fsm_state7                                                                                                  |                                                                                                                                                                          |                2 |              2 |         1.00 |
|  ap_clk      | bd_0_i/hls_inst/U0/regslice_both_output_stream_V_data_V_U/ap_block_pp0_stage0_subdone                                                | bd_0_i/hls_inst/U0/grp_keccak_top_Pipeline_SQUEEZE_BLOCK_fu_4103/ap_enable_reg_pp0_iter1_i_1__0_n_0                                                                      |                1 |              2 |         2.00 |
|  ap_clk      | bd_0_i/hls_inst/U0/control_s_axi_U/int_ier11_out                                                                                     | ap_rst_n                                                                                                                                                                 |                1 |              2 |         2.00 |
|  ap_clk      | bd_0_i/hls_inst/U0/control_s_axi_U/waddr                                                                                             |                                                                                                                                                                          |                1 |              4 |         4.00 |
|  ap_clk      | bd_0_i/hls_inst/U0/regslice_both_output_stream_V_data_V_U/ap_block_pp0_stage0_subdone                                                | bd_0_i/hls_inst/U0/grp_keccak_top_Pipeline_SQUEEZE_BLOCK_fu_4103/trunc_ln319_reg_724[6]_i_1_n_0                                                                          |                1 |              4 |         4.00 |
|  ap_clk      | bd_0_i/hls_inst/U0/regslice_both_output_stream_V_data_V_U/ap_block_pp0_stage0_subdone                                                | bd_0_i/hls_inst/U0/grp_keccak_top_Pipeline_SQUEEZE_BLOCK_fu_4103/trunc_ln319_reg_724[7]_i_1_n_0                                                                          |                2 |              4 |         2.00 |
|  ap_clk      | bd_0_i/hls_inst/U0/ap_CS_fsm_state3                                                                                                  |                                                                                                                                                                          |                2 |              5 |         2.50 |
|  ap_clk      | bd_0_i/hls_inst/U0/grp_keccak_f1600_fu_4047/flow_control_loop_pipe_sequential_init_U/grp_keccak_f1600_fu_4047_ap_start_reg_reg_15[0] | bd_0_i/hls_inst/U0/grp_keccak_f1600_fu_4047/flow_control_loop_pipe_sequential_init_U/SR[0]                                                                               |                1 |              5 |         5.00 |
|  ap_clk      | bd_0_i/hls_inst/U0/control_s_axi_U/ar_hs                                                                                             |                                                                                                                                                                          |                4 |              6 |         1.50 |
|  ap_clk      | bd_0_i/hls_inst/U0/grp_keccak_f1600_fu_4047_ap_start_reg_reg_n_0                                                                     |                                                                                                                                                                          |                2 |              7 |         3.50 |
|  ap_clk      | bd_0_i/hls_inst/U0/control_s_axi_U/int_delimiter                                                                                     | ap_rst_n                                                                                                                                                                 |                5 |              8 |         1.60 |
|  ap_clk      | bd_0_i/hls_inst/U0/control_s_axi_U/int_rate_bytes                                                                                    | ap_rst_n                                                                                                                                                                 |                5 |              8 |         1.60 |
|  ap_clk      | bd_0_i/hls_inst/U0/regslice_both_input_stream_V_keep_V_U/load_p2                                                                     |                                                                                                                                                                          |                2 |              8 |         4.00 |
|  ap_clk      | bd_0_i/hls_inst/U0/regslice_both_input_stream_V_keep_V_U/load_p1                                                                     |                                                                                                                                                                          |                2 |              8 |         4.00 |
|  ap_clk      | bd_0_i/hls_inst/U0/regslice_both_output_stream_V_strb_V_U/load_p1                                                                    |                                                                                                                                                                          |                2 |              8 |         4.00 |
|  ap_clk      | bd_0_i/hls_inst/U0/grp_keccak_top_Pipeline_SQUEEZE_BLOCK_fu_4103/ap_enable_reg_pp0_iter2_reg_2[0]                                    |                                                                                                                                                                          |                2 |              8 |         4.00 |
|  ap_clk      | bd_0_i/hls_inst/U0/regslice_both_output_stream_V_keep_V_U/load_p1                                                                    |                                                                                                                                                                          |                2 |              8 |         4.00 |
|  ap_clk      | bd_0_i/hls_inst/U0/grp_keccak_top_Pipeline_SQUEEZE_BLOCK_fu_4103/ap_enable_reg_pp0_iter2_reg_3[0]                                    |                                                                                                                                                                          |                2 |              8 |         4.00 |
|  ap_clk      | bd_0_i/hls_inst/U0/control_s_axi_U/ar_hs                                                                                             | bd_0_i/hls_inst/U0/control_s_axi_U/rdata_data[15]_i_1_n_0                                                                                                                |                3 |             10 |         3.33 |
|  ap_clk      | bd_0_i/hls_inst/U0/grp_keccak_top_Pipeline_SQUEEZE_BLOCK_fu_4103/i_fu_180[5]_i_2_n_0                                                 | bd_0_i/hls_inst/U0/grp_keccak_top_Pipeline_SQUEEZE_BLOCK_fu_4103/flow_control_loop_pipe_sequential_init_U/grp_keccak_top_Pipeline_SQUEEZE_BLOCK_fu_4103_ap_start_reg_reg |                7 |             14 |         2.00 |
|  ap_clk      | bd_0_i/hls_inst/U0/grp_keccak_f1600_fu_4047/flow_control_loop_pipe_sequential_init_U/grp_keccak_f1600_fu_4047_ap_start_reg_reg_0     |                                                                                                                                                                          |                4 |             16 |         4.00 |
|  ap_clk      | bd_0_i/hls_inst/U0/grp_keccak_f1600_fu_4047/flow_control_loop_pipe_sequential_init_U/grp_keccak_f1600_fu_4047_ap_start_reg_reg_0     | bd_0_i/hls_inst/U0/ap_CS_fsm_state7_repN_3                                                                                                                               |                2 |             16 |         8.00 |
|  ap_clk      | bd_0_i/hls_inst/U0/ap_CS_fsm_state6                                                                                                  | bd_0_i/hls_inst/U0/last_lane_idx_reg_7447[3]_i_1_n_0                                                                                                                     |                2 |             16 |         8.00 |
|  ap_clk      | bd_0_i/hls_inst/U0/control_s_axi_U/int_output_len                                                                                    | ap_rst_n                                                                                                                                                                 |                5 |             16 |         3.20 |
|  ap_clk      | bd_0_i/hls_inst/U0/ap_CS_fsm_state1                                                                                                  |                                                                                                                                                                          |               13 |             32 |         2.46 |
|  ap_clk      | bd_0_i/hls_inst/U0/grp_keccak_top_Pipeline_SQUEEZE_BLOCK_fu_4103/flow_control_loop_pipe_sequential_init_U/E[0]                       |                                                                                                                                                                          |                4 |             32 |         8.00 |
|  ap_clk      | bd_0_i/hls_inst/U0/ap_CS_fsm_state9                                                                                                  |                                                                                                                                                                          |               11 |             37 |         3.36 |
|  ap_clk      | bd_0_i/hls_inst/U0/grp_keccak_f1600_fu_4047/flow_control_loop_pipe_sequential_init_U/tmp_12_reg_7257_reg[0]_7[0]                     | bd_0_i/hls_inst/U0/control_s_axi_U/SR[0]                                                                                                                                 |               49 |             64 |         1.31 |
|  ap_clk      | bd_0_i/hls_inst/U0/grp_keccak_f1600_fu_4047/flow_control_loop_pipe_sequential_init_U/tmp_12_reg_7257_reg[0]_9[0]                     | bd_0_i/hls_inst/U0/control_s_axi_U/SR[0]                                                                                                                                 |               51 |             64 |         1.25 |
|  ap_clk      | bd_0_i/hls_inst/U0/grp_keccak_f1600_fu_4047/flow_control_loop_pipe_sequential_init_U/ap_done_cache_reg_2[0]                          | bd_0_i/hls_inst/U0/control_s_axi_U/SR[0]                                                                                                                                 |               30 |             64 |         2.13 |
|  ap_clk      | bd_0_i/hls_inst/U0/grp_keccak_top_Pipeline_SQUEEZE_BLOCK_fu_4103/E[0]                                                                |                                                                                                                                                                          |               30 |             64 |         2.13 |
|  ap_clk      | bd_0_i/hls_inst/U0/grp_keccak_f1600_fu_4047/flow_control_loop_pipe_sequential_init_U/ap_done_cache_reg_5[0]                          | bd_0_i/hls_inst/U0/control_s_axi_U/SR[0]                                                                                                                                 |               30 |             64 |         2.13 |
|  ap_clk      | bd_0_i/hls_inst/U0/grp_keccak_f1600_fu_4047/flow_control_loop_pipe_sequential_init_U/E[0]                                            | bd_0_i/hls_inst/U0/control_s_axi_U/SR[0]                                                                                                                                 |               29 |             64 |         2.21 |
|  ap_clk      | bd_0_i/hls_inst/U0/grp_keccak_f1600_fu_4047/flow_control_loop_pipe_sequential_init_U/ap_done_cache_reg_6[0]                          | bd_0_i/hls_inst/U0/control_s_axi_U/SR[0]                                                                                                                                 |               32 |             64 |         2.00 |
|  ap_clk      | bd_0_i/hls_inst/U0/grp_keccak_f1600_fu_4047/flow_control_loop_pipe_sequential_init_U/ap_done_cache_reg_7[0]                          | bd_0_i/hls_inst/U0/control_s_axi_U/SR[0]                                                                                                                                 |               31 |             64 |         2.06 |
|  ap_clk      | bd_0_i/hls_inst/U0/grp_keccak_f1600_fu_4047/flow_control_loop_pipe_sequential_init_U/ap_done_cache_reg_9[0]                          | bd_0_i/hls_inst/U0/control_s_axi_U/SR[0]                                                                                                                                 |               31 |             64 |         2.06 |
|  ap_clk      | bd_0_i/hls_inst/U0/grp_keccak_f1600_fu_4047/flow_control_loop_pipe_sequential_init_U/ap_done_cache_reg_11[0]                         | bd_0_i/hls_inst/U0/control_s_axi_U/SR[0]                                                                                                                                 |               32 |             64 |         2.00 |
|  ap_clk      | bd_0_i/hls_inst/U0/grp_keccak_f1600_fu_4047/flow_control_loop_pipe_sequential_init_U/ap_done_cache_reg_4[0]                          | bd_0_i/hls_inst/U0/control_s_axi_U/SR[0]                                                                                                                                 |               30 |             64 |         2.13 |
|  ap_clk      | bd_0_i/hls_inst/U0/grp_keccak_f1600_fu_4047/flow_control_loop_pipe_sequential_init_U/tmp_12_reg_7257_reg[0]_3[0]                     | bd_0_i/hls_inst/U0/control_s_axi_U/SR[0]                                                                                                                                 |               53 |             64 |         1.21 |
|  ap_clk      | bd_0_i/hls_inst/U0/grp_keccak_f1600_fu_4047/flow_control_loop_pipe_sequential_init_U/tmp_12_reg_7257_reg[0]_5[0]                     | bd_0_i/hls_inst/U0/control_s_axi_U/SR[0]                                                                                                                                 |               52 |             64 |         1.23 |
|  ap_clk      | bd_0_i/hls_inst/U0/grp_keccak_f1600_fu_4047/flow_control_loop_pipe_sequential_init_U/tmp_12_reg_7257_reg[0][0]                       | bd_0_i/hls_inst/U0/control_s_axi_U/SR[0]                                                                                                                                 |               54 |             64 |         1.19 |
|  ap_clk      | bd_0_i/hls_inst/U0/grp_keccak_f1600_fu_4047/flow_control_loop_pipe_sequential_init_U/tmp_12_reg_7257_reg[0]_1[0]                     | bd_0_i/hls_inst/U0/control_s_axi_U/SR[0]                                                                                                                                 |               51 |             64 |         1.25 |
|  ap_clk      | bd_0_i/hls_inst/U0/grp_keccak_f1600_fu_4047/flow_control_loop_pipe_sequential_init_U/tmp_12_reg_7257_reg[0]_11[0]                    | bd_0_i/hls_inst/U0/control_s_axi_U/SR[0]                                                                                                                                 |               51 |             64 |         1.25 |
|  ap_clk      | bd_0_i/hls_inst/U0/grp_keccak_f1600_fu_4047/flow_control_loop_pipe_sequential_init_U/tmp_12_reg_7257_reg[0]_13[0]                    | bd_0_i/hls_inst/U0/control_s_axi_U/SR[0]                                                                                                                                 |               53 |             64 |         1.21 |
|  ap_clk      | bd_0_i/hls_inst/U0/grp_keccak_f1600_fu_4047/flow_control_loop_pipe_sequential_init_U/tmp_12_reg_7257_reg[0]_15[0]                    | bd_0_i/hls_inst/U0/control_s_axi_U/SR[0]                                                                                                                                 |               55 |             64 |         1.16 |
|  ap_clk      | bd_0_i/hls_inst/U0/grp_keccak_f1600_fu_4047/flow_control_loop_pipe_sequential_init_U/tmp_12_reg_7257_reg[0]_17[0]                    | bd_0_i/hls_inst/U0/control_s_axi_U/SR[0]                                                                                                                                 |               51 |             64 |         1.25 |
|  ap_clk      | bd_0_i/hls_inst/U0/regslice_both_input_stream_V_data_V_U/load_p2                                                                     |                                                                                                                                                                          |               18 |             64 |         3.56 |
|  ap_clk      | bd_0_i/hls_inst/U0/regslice_both_input_stream_V_data_V_U/load_p1                                                                     |                                                                                                                                                                          |               18 |             64 |         3.56 |
|  ap_clk      | bd_0_i/hls_inst/U0/regslice_both_output_stream_V_data_V_U/load_p1                                                                    |                                                                                                                                                                          |               31 |             64 |         2.06 |
|  ap_clk      | bd_0_i/hls_inst/U0/grp_keccak_f1600_fu_4047/flow_control_loop_pipe_sequential_init_U/ap_done_cache_reg_13[0]                         | bd_0_i/hls_inst/U0/control_s_axi_U/SR[0]                                                                                                                                 |               33 |             64 |         1.94 |
|  ap_clk      | bd_0_i/hls_inst/U0/grp_keccak_f1600_fu_4047/flow_control_loop_pipe_sequential_init_U/ap_done_cache_reg_8[0]                          | bd_0_i/hls_inst/U0/control_s_axi_U/SR[0]                                                                                                                                 |               30 |             64 |         2.13 |
|  ap_clk      | bd_0_i/hls_inst/U0/grp_keccak_f1600_fu_4047/flow_control_loop_pipe_sequential_init_U/ap_done_cache_reg_3[0]                          | bd_0_i/hls_inst/U0/control_s_axi_U/SR[0]                                                                                                                                 |               31 |             64 |         2.06 |
|  ap_clk      | bd_0_i/hls_inst/U0/grp_keccak_f1600_fu_4047/flow_control_loop_pipe_sequential_init_U/ap_done_cache_reg_14[0]                         | bd_0_i/hls_inst/U0/control_s_axi_U/SR[0]                                                                                                                                 |               30 |             64 |         2.13 |
|  ap_clk      | bd_0_i/hls_inst/U0/grp_keccak_f1600_fu_4047/flow_control_loop_pipe_sequential_init_U/ap_done_cache_reg_12[0]                         | bd_0_i/hls_inst/U0/control_s_axi_U/SR[0]                                                                                                                                 |               32 |             64 |         2.00 |
|  ap_clk      | bd_0_i/hls_inst/U0/grp_keccak_f1600_fu_4047/flow_control_loop_pipe_sequential_init_U/ap_done_cache_reg_1[0]                          | bd_0_i/hls_inst/U0/control_s_axi_U/SR[0]                                                                                                                                 |               30 |             64 |         2.13 |
|  ap_clk      | bd_0_i/hls_inst/U0/grp_keccak_f1600_fu_4047/flow_control_loop_pipe_sequential_init_U/ap_done_cache_reg_10[0]                         | bd_0_i/hls_inst/U0/control_s_axi_U/SR[0]                                                                                                                                 |               32 |             64 |         2.00 |
|  ap_clk      | bd_0_i/hls_inst/U0/current_block_word_fu_3900                                                                                        | bd_0_i/hls_inst/U0/control_s_axi_U/current_block_word_fu_390[0]                                                                                                          |                9 |             66 |         7.33 |
|  ap_clk      | bd_0_i/hls_inst/U0/grp_keccak_top_Pipeline_SQUEEZE_BLOCK_fu_4103/ap_enable_reg_pp0_iter2_reg_1                                       |                                                                                                                                                                          |               34 |             72 |         2.12 |
|  ap_clk      |                                                                                                                                      | ap_rst_n                                                                                                                                                                 |               39 |             95 |         2.44 |
|  ap_clk      | bd_0_i/hls_inst/U0/regslice_both_output_stream_V_data_V_U/ap_block_pp0_stage0_subdone                                                |                                                                                                                                                                          |               66 |             97 |         1.47 |
|  ap_clk      | bd_0_i/hls_inst/U0/ap_CS_fsm_state7_repN_1                                                                                           |                                                                                                                                                                          |               59 |             99 |         1.68 |
|  ap_clk      | bd_0_i/hls_inst/U0/ap_CS_fsm_state7_repN_5                                                                                           |                                                                                                                                                                          |               75 |            145 |         1.93 |
|  ap_clk      | bd_0_i/hls_inst/U0/ap_CS_fsm_state7_repN                                                                                             |                                                                                                                                                                          |               71 |            156 |         2.20 |
|  ap_clk      | bd_0_i/hls_inst/U0/ap_CS_fsm_state7_repN_4                                                                                           |                                                                                                                                                                          |               92 |            158 |         1.72 |
|  ap_clk      | bd_0_i/hls_inst/U0/ap_CS_fsm_state7_repN_3                                                                                           |                                                                                                                                                                          |              105 |            180 |         1.71 |
|  ap_clk      | bd_0_i/hls_inst/U0/ap_CS_fsm_state7_repN_8                                                                                           |                                                                                                                                                                          |              109 |            192 |         1.76 |
|  ap_clk      | bd_0_i/hls_inst/U0/ap_CS_fsm_state7_repN_2                                                                                           |                                                                                                                                                                          |               99 |            208 |         2.10 |
|  ap_clk      | bd_0_i/hls_inst/U0/ap_CS_fsm_state7_repN_7                                                                                           |                                                                                                                                                                          |              111 |            224 |         2.02 |
|  ap_clk      | bd_0_i/hls_inst/U0/ap_CS_fsm_state7_repN_6                                                                                           |                                                                                                                                                                          |              148 |            236 |         1.59 |
|  ap_clk      | bd_0_i/hls_inst/U0/grp_keccak_f1600_fu_4047/flow_control_loop_pipe_sequential_init_U/icmp_ln326_reg_7737_reg[0]_rep__11[0]           |                                                                                                                                                                          |              975 |           1600 |         1.64 |
|  ap_clk      | bd_0_i/hls_inst/U0/ap_CS_fsm_state4                                                                                                  |                                                                                                                                                                          |             1055 |           1601 |         1.52 |
|  ap_clk      | bd_0_i/hls_inst/U0/ap_CS_fsm_state6                                                                                                  |                                                                                                                                                                          |              446 |           1620 |         3.63 |
|  ap_clk      |                                                                                                                                      |                                                                                                                                                                          |              987 |           1631 |         1.65 |
|  ap_clk      | bd_0_i/hls_inst/U0/ap_CS_fsm_state2                                                                                                  |                                                                                                                                                                          |              907 |           1715 |         1.89 |
+--------------+--------------------------------------------------------------------------------------------------------------------------------------+--------------------------------------------------------------------------------------------------------------------------------------------------------------------------+------------------+----------------+--------------+


