================================================================
== Design Size Report
================================================================

* Total Instructions per Compilation Phase
+---------------+----------------------------+--------------+----------------------------------------------------------------------------------------+
| Phase         | Step                       | Instructions | Description                                                                            |
+---------------+----------------------------+--------------+----------------------------------------------------------------------------------------+
| Compile/Link  |                            | 5,805        | After all functions are compiled and linked into a single design                       |
|               |                            |              |                                                                                        |
| Unroll/Inline |                            |              | After user unroll and inline pragmas are applied                                       |
|               | (1) unroll                 | 3,664        | user unroll pragmas are applied                                                        |
|               | (2) simplification         | 1,222        | simplification of applied user unroll pragmas                                          |
|               | (3) inline                 | 1,261        | user inline pragmas are applied                                                        |
|               | (4) simplification         | 1,226        | simplification of applied user inline pragmas                                          |
|               |                            |              |                                                                                        |
| Array/Struct  |                            |              | After user array partition and struct aggregate/disaggregate pragmas are applied       |
|               | (1) array partition        | 1,368        | user array partition pragmas are applied                                               |
|               | (2) simplification         | 1,363        | simplification of applied user array partition & struct aggregate/disaggregate pragmas |
|               | (3) aggregate/disaggregate | 1,363        | user struct aggregate/disaggregate pragmas are applied                                 |
|               | (4) array reshape          | 1,363        | apply array reshape pragmas                                                            |
|               | (5) access patterns        | 1,501        | array access pattern optmizations                                                      |
|               |                            |              |                                                                                        |
| Performance   |                            |              | After transformations are applied to meet performance pragma targets                   |
|               | (1) loop simplification    | 1,499        | loop and instruction simplification                                                    |
|               | (2) parallelization        | 1,406        | loops are unrolled or pipelined to meet performance targets                            |
|               | (3) array partition        | 1,378        | arrays are partitioned to meet performance targets                                     |
|               | (4) simplification         | 1,378        | simplification of design after performance transformations                             |
|               |                            |              |                                                                                        |
| HW Transforms |                            |              | After hardware transfomations                                                          |
|               | (1) lowering               | 1,364        | initial conversion to HW specific instructions                                         |
|               | (2) optimizations          | 1,361        | high level synthesis optimizations                                                     |
+---------------+----------------------------+--------------+----------------------------------------------------------------------------------------+

* Instructions per Function for each Compilation Phase
+------------------+----------------+-----------------+----------------+----------------+----------------+----------------+
| Function         | Location       | Compile/Link    | Unroll/Inline  | Array/Struct   | Performance    | HW Transforms  |
+------------------+----------------+-----------------+----------------+----------------+----------------+----------------+
| + keccak_top     | keccak.cpp:253 | 5,805           | 1,226          | 1,501          | 1,378          | 1,361          |
|  + keccak_f1600  | keccak.cpp:144 | 4,752 (3 calls) |  993 (3 calls) |  942 (3 calls) |  867 (3 calls) |  882 (3 calls) |
|   + theta        | keccak.cpp:40  | 2,529 (3 calls) |                |                |                |                |
|      idx         | keccak.cpp:28  |   54 (18 calls) |                |                |                |                |
|      rotl64      | keccak.cpp:20  | 1,281 (3 calls) |                |                |                |                |
|   + rho_pi       | keccak.cpp:76  | 1,503 (3 calls) |                |                |                |                |
|      idx         | keccak.cpp:28  |   18 (6 calls)  |                |                |                |                |
|      rotl64      | keccak.cpp:20  | 1,281 (3 calls) |                |                |                |                |
|   + chi          | keccak.cpp:108 |  627 (3 calls)  |                |                |                |                |
|      idx         | keccak.cpp:28  |   18 (6 calls)  |                |                |                |                |
|     iota         | keccak.cpp:135 |   48 (3 calls)  |                |                |                |                |
|    apply_padding | keccak.cpp:196 |  195            |                |                |                |                |
+------------------+----------------+-----------------+----------------+----------------+----------------+----------------+

* Design Size Message Settings
+---------------------------------------------+--------+------------------------------------------------------------------+
| Message Setting                             | Value  | Description                                                      |
+---------------------------------------------+--------+------------------------------------------------------------------+
| config_compile -design_size_maximum_warning | 100000 | Show a warning when total design instructions exceeds this value |
+---------------------------------------------+--------+------------------------------------------------------------------+


