

================================================================
== Vitis HLS Report for 'keccak_top_Pipeline_ABSORB_BLOCK'
================================================================
* Date:           Mon Dec 22 22:18:16 2025

* Version:        2025.2 (Build 6295257 on Nov 14 2025)
* Project:        example
* Solution:       hls (Vivado IP Flow Target)
* Product family: zynquplus
* Target device:  xck26-sfvc784-2LV-c


================================================================
== Performance Estimates
================================================================
+ Timing: 
    * Summary: 
    +--------+---------+----------+------------+
    |  Clock |  Target | Estimated| Uncertainty|
    +--------+---------+----------+------------+
    |ap_clk  |  5.00 ns|  1.847 ns|     1.35 ns|
    +--------+---------+----------+------------+

+ Latency: 
    * Summary: 
    +---------+---------+-----------+----------+-----+-----+-------------------+
    |  Latency (cycles) |  Latency (absolute)  |  Interval |      Pipeline     |
    |   min   |   max   |    min    |    max   | min | max |        Type       |
    +---------+---------+-----------+----------+-----+-----+-------------------+
    |        2|       34|  10.000 ns|  0.170 us|    0|    0|  loop pipeline stp|
    +---------+---------+-----------+----------+-----+-----+-------------------+

    + Detail: 
        * Instance: 
        N/A

        * Loop: 
        +----------------+---------+---------+----------+-----------+-----------+--------+----------+
        |                |  Latency (cycles) | Iteration|  Initiation Interval  |  Trip  |          |
        |    Loop Name   |   min   |   max   |  Latency |  achieved |   target  |  Count | Pipelined|
        +----------------+---------+---------+----------+-----------+-----------+--------+----------+
        |- ABSORB_BLOCK  |        0|       32|         2|          1|          1|  0 ~ 32|       yes|
        +----------------+---------+---------+----------+-----------+-----------+--------+----------+



================================================================
== Utilization Estimates
================================================================
* Summary: 
+-----------------+---------+------+--------+--------+-----+
|       Name      | BRAM_18K|  DSP |   FF   |   LUT  | URAM|
+-----------------+---------+------+--------+--------+-----+
|DSP              |        -|     -|       -|       -|    -|
|Expression       |        -|     -|       0|     100|    -|
|FIFO             |        -|     -|       -|       -|    -|
|Instance         |        -|     -|       0|     125|    -|
|Memory           |        -|     -|       -|       -|    -|
|Multiplexer      |        -|     -|       0|     279|    -|
|Register         |        -|     -|      15|       -|    -|
+-----------------+---------+------+--------+--------+-----+
|Total            |        0|     0|      15|     504|    0|
+-----------------+---------+------+--------+--------+-----+
|Available        |      288|  1248|  234240|  117120|   64|
+-----------------+---------+------+--------+--------+-----+
|Utilization (%)  |        0|     0|      ~0|      ~0|    0|
+-----------------+---------+------+--------+--------+-----+

+ Detail: 
    * Instance: 
    +--------------------------+-----------------------+---------+----+---+-----+-----+
    |         Instance         |         Module        | BRAM_18K| DSP| FF| LUT | URAM|
    +--------------------------+-----------------------+---------+----+---+-----+-----+
    |sparsemux_51_5_64_1_1_U1  |sparsemux_51_5_64_1_1  |        0|   0|  0|  125|    0|
    +--------------------------+-----------------------+---------+----+---+-----+-----+
    |Total                     |                       |        0|   0|  0|  125|    0|
    +--------------------------+-----------------------+---------+----+---+-----+-----+

    * DSP: 
    N/A

    * Memory: 
    N/A

    * FIFO: 
    N/A

    * Expression: 
    +---------------------------------------+----------+----+---+----+------------+------------+
    |             Variable Name             | Operation| DSP| FF| LUT| Bitwidth P0| Bitwidth P1|
    +---------------------------------------+----------+----+---+----+------------+------------+
    |add_ln300_fu_565_p2                    |         +|   0|  0|  13|           6|           1|
    |ap_block_pp0_stage0_01001_grp1         |       and|   0|  0|   2|           1|           1|
    |ap_block_state2_pp0_stage0_iter1_grp1  |       and|   0|  0|   2|           1|           1|
    |tmp_1_nbreadreq_fu_188_p6              |       and|   0|  0|   2|           1|           0|
    |icmp_ln300_fu_559_p2                   |      icmp|   0|  0|  13|           6|           6|
    |message_done_2_fu_782_p2               |        or|   0|  0|   2|           1|           1|
    |ap_enable_pp0                          |       xor|   0|  0|   2|           1|           2|
    |state_25_fu_695_p2                     |       xor|   0|  0|  64|          64|          64|
    +---------------------------------------+----------+----+---+----+------------+------------+
    |Total                                  |          |   0|  0| 100|          81|          76|
    +---------------------------------------+----------+----+---+----+------------+------------+

    * Multiplexer: 
    +--------------------------+----+-----------+-----+-----------+
    |           Name           | LUT| Input Size| Bits| Total Bits|
    +--------------------------+----+-----------+-----+-----------+
    |ap_done_int               |   9|          2|    1|          2|
    |ap_enable_reg_pp0_iter1   |   9|          2|    1|          2|
    |ap_sig_allocacmp_i_2      |   9|          2|    6|         12|
    |i_fu_168                  |   9|          2|    6|         12|
    |input_stream_TDATA_blk_n  |   9|          2|    1|          2|
    |message_done_1_fu_172     |   9|          2|    1|          2|
    |state_10_o                |   9|          2|   64|        128|
    |state_11_o                |   9|          2|   64|        128|
    |state_12_o                |   9|          2|   64|        128|
    |state_13_o                |   9|          2|   64|        128|
    |state_14_o                |   9|          2|   64|        128|
    |state_15_o                |   9|          2|   64|        128|
    |state_16_o                |   9|          2|   64|        128|
    |state_17_o                |   9|          2|   64|        128|
    |state_18_o                |   9|          2|   64|        128|
    |state_19_o                |   9|          2|   64|        128|
    |state_1_o                 |   9|          2|   64|        128|
    |state_20_o                |   9|          2|   64|        128|
    |state_21_o                |   9|          2|   64|        128|
    |state_22_o                |   9|          2|   64|        128|
    |state_23_o                |   9|          2|   64|        128|
    |state_24_o                |   9|          2|   64|        128|
    |state_2_o                 |   9|          2|   64|        128|
    |state_3_o                 |   9|          2|   64|        128|
    |state_4_o                 |   9|          2|   64|        128|
    |state_5_o                 |   9|          2|   64|        128|
    |state_6_o                 |   9|          2|   64|        128|
    |state_7_o                 |   9|          2|   64|        128|
    |state_8_o                 |   9|          2|   64|        128|
    |state_9_o                 |   9|          2|   64|        128|
    |state_o                   |   9|          2|   64|        128|
    +--------------------------+----+-----------+-----+-----------+
    |Total                     | 279|         62| 1616|       3232|
    +--------------------------+----+-----------+-----+-----------+

    * Register: 
    +-------------------------+---+----+-----+-----------+
    |           Name          | FF| LUT| Bits| Const Bits|
    +-------------------------+---+----+-----+-----------+
    |ap_CS_fsm                |  1|   0|    1|          0|
    |ap_done_reg              |  1|   0|    1|          0|
    |ap_enable_reg_pp0_iter1  |  1|   0|    1|          0|
    |i_fu_168                 |  6|   0|    6|          0|
    |message_done_1_fu_172    |  1|   0|    1|          0|
    |trunc_ln300_reg_815      |  5|   0|    5|          0|
    +-------------------------+---+----+-----+-----------+
    |Total                    | 15|   0|   15|          0|
    +-------------------------+---+----+-----+-----------+



================================================================
== Interface
================================================================
* Summary: 
+---------------------------+-----+-----+------------+----------------------------------+--------------+
|         RTL Ports         | Dir | Bits|  Protocol  |           Source Object          |    C Type    |
+---------------------------+-----+-----+------------+----------------------------------+--------------+
|ap_clk                     |   in|    1|  ap_ctrl_hs|  keccak_top_Pipeline_ABSORB_BLOCK|  return value|
|ap_rst                     |   in|    1|  ap_ctrl_hs|  keccak_top_Pipeline_ABSORB_BLOCK|  return value|
|ap_start                   |   in|    1|  ap_ctrl_hs|  keccak_top_Pipeline_ABSORB_BLOCK|  return value|
|ap_done                    |  out|    1|  ap_ctrl_hs|  keccak_top_Pipeline_ABSORB_BLOCK|  return value|
|ap_idle                    |  out|    1|  ap_ctrl_hs|  keccak_top_Pipeline_ABSORB_BLOCK|  return value|
|ap_ready                   |  out|    1|  ap_ctrl_hs|  keccak_top_Pipeline_ABSORB_BLOCK|  return value|
|input_stream_TVALID        |   in|    1|        axis|             input_stream_V_data_V|       pointer|
|input_stream_TDATA         |   in|   64|        axis|             input_stream_V_data_V|       pointer|
|message_done               |   in|    1|     ap_none|                      message_done|        scalar|
|trunc_ln1                  |   in|    6|     ap_none|                         trunc_ln1|        scalar|
|state_24_i                 |   in|   64|     ap_ovld|                          state_24|       pointer|
|state_24_o                 |  out|   64|     ap_ovld|                          state_24|       pointer|
|state_24_o_ap_vld          |  out|    1|     ap_ovld|                          state_24|       pointer|
|state_23_i                 |   in|   64|     ap_ovld|                          state_23|       pointer|
|state_23_o                 |  out|   64|     ap_ovld|                          state_23|       pointer|
|state_23_o_ap_vld          |  out|    1|     ap_ovld|                          state_23|       pointer|
|state_22_i                 |   in|   64|     ap_ovld|                          state_22|       pointer|
|state_22_o                 |  out|   64|     ap_ovld|                          state_22|       pointer|
|state_22_o_ap_vld          |  out|    1|     ap_ovld|                          state_22|       pointer|
|state_21_i                 |   in|   64|     ap_ovld|                          state_21|       pointer|
|state_21_o                 |  out|   64|     ap_ovld|                          state_21|       pointer|
|state_21_o_ap_vld          |  out|    1|     ap_ovld|                          state_21|       pointer|
|state_20_i                 |   in|   64|     ap_ovld|                          state_20|       pointer|
|state_20_o                 |  out|   64|     ap_ovld|                          state_20|       pointer|
|state_20_o_ap_vld          |  out|    1|     ap_ovld|                          state_20|       pointer|
|state_19_i                 |   in|   64|     ap_ovld|                          state_19|       pointer|
|state_19_o                 |  out|   64|     ap_ovld|                          state_19|       pointer|
|state_19_o_ap_vld          |  out|    1|     ap_ovld|                          state_19|       pointer|
|state_18_i                 |   in|   64|     ap_ovld|                          state_18|       pointer|
|state_18_o                 |  out|   64|     ap_ovld|                          state_18|       pointer|
|state_18_o_ap_vld          |  out|    1|     ap_ovld|                          state_18|       pointer|
|state_17_i                 |   in|   64|     ap_ovld|                          state_17|       pointer|
|state_17_o                 |  out|   64|     ap_ovld|                          state_17|       pointer|
|state_17_o_ap_vld          |  out|    1|     ap_ovld|                          state_17|       pointer|
|state_16_i                 |   in|   64|     ap_ovld|                          state_16|       pointer|
|state_16_o                 |  out|   64|     ap_ovld|                          state_16|       pointer|
|state_16_o_ap_vld          |  out|    1|     ap_ovld|                          state_16|       pointer|
|state_15_i                 |   in|   64|     ap_ovld|                          state_15|       pointer|
|state_15_o                 |  out|   64|     ap_ovld|                          state_15|       pointer|
|state_15_o_ap_vld          |  out|    1|     ap_ovld|                          state_15|       pointer|
|state_14_i                 |   in|   64|     ap_ovld|                          state_14|       pointer|
|state_14_o                 |  out|   64|     ap_ovld|                          state_14|       pointer|
|state_14_o_ap_vld          |  out|    1|     ap_ovld|                          state_14|       pointer|
|state_13_i                 |   in|   64|     ap_ovld|                          state_13|       pointer|
|state_13_o                 |  out|   64|     ap_ovld|                          state_13|       pointer|
|state_13_o_ap_vld          |  out|    1|     ap_ovld|                          state_13|       pointer|
|state_12_i                 |   in|   64|     ap_ovld|                          state_12|       pointer|
|state_12_o                 |  out|   64|     ap_ovld|                          state_12|       pointer|
|state_12_o_ap_vld          |  out|    1|     ap_ovld|                          state_12|       pointer|
|state_11_i                 |   in|   64|     ap_ovld|                          state_11|       pointer|
|state_11_o                 |  out|   64|     ap_ovld|                          state_11|       pointer|
|state_11_o_ap_vld          |  out|    1|     ap_ovld|                          state_11|       pointer|
|state_10_i                 |   in|   64|     ap_ovld|                          state_10|       pointer|
|state_10_o                 |  out|   64|     ap_ovld|                          state_10|       pointer|
|state_10_o_ap_vld          |  out|    1|     ap_ovld|                          state_10|       pointer|
|state_9_i                  |   in|   64|     ap_ovld|                           state_9|       pointer|
|state_9_o                  |  out|   64|     ap_ovld|                           state_9|       pointer|
|state_9_o_ap_vld           |  out|    1|     ap_ovld|                           state_9|       pointer|
|state_8_i                  |   in|   64|     ap_ovld|                           state_8|       pointer|
|state_8_o                  |  out|   64|     ap_ovld|                           state_8|       pointer|
|state_8_o_ap_vld           |  out|    1|     ap_ovld|                           state_8|       pointer|
|state_7_i                  |   in|   64|     ap_ovld|                           state_7|       pointer|
|state_7_o                  |  out|   64|     ap_ovld|                           state_7|       pointer|
|state_7_o_ap_vld           |  out|    1|     ap_ovld|                           state_7|       pointer|
|state_6_i                  |   in|   64|     ap_ovld|                           state_6|       pointer|
|state_6_o                  |  out|   64|     ap_ovld|                           state_6|       pointer|
|state_6_o_ap_vld           |  out|    1|     ap_ovld|                           state_6|       pointer|
|state_5_i                  |   in|   64|     ap_ovld|                           state_5|       pointer|
|state_5_o                  |  out|   64|     ap_ovld|                           state_5|       pointer|
|state_5_o_ap_vld           |  out|    1|     ap_ovld|                           state_5|       pointer|
|state_4_i                  |   in|   64|     ap_ovld|                           state_4|       pointer|
|state_4_o                  |  out|   64|     ap_ovld|                           state_4|       pointer|
|state_4_o_ap_vld           |  out|    1|     ap_ovld|                           state_4|       pointer|
|state_3_i                  |   in|   64|     ap_ovld|                           state_3|       pointer|
|state_3_o                  |  out|   64|     ap_ovld|                           state_3|       pointer|
|state_3_o_ap_vld           |  out|    1|     ap_ovld|                           state_3|       pointer|
|state_2_i                  |   in|   64|     ap_ovld|                           state_2|       pointer|
|state_2_o                  |  out|   64|     ap_ovld|                           state_2|       pointer|
|state_2_o_ap_vld           |  out|    1|     ap_ovld|                           state_2|       pointer|
|state_1_i                  |   in|   64|     ap_ovld|                           state_1|       pointer|
|state_1_o                  |  out|   64|     ap_ovld|                           state_1|       pointer|
|state_1_o_ap_vld           |  out|    1|     ap_ovld|                           state_1|       pointer|
|state_i                    |   in|   64|     ap_ovld|                             state|       pointer|
|state_o                    |  out|   64|     ap_ovld|                             state|       pointer|
|state_o_ap_vld             |  out|    1|     ap_ovld|                             state|       pointer|
|input_stream_TREADY        |  out|    1|        axis|             input_stream_V_last_V|       pointer|
|input_stream_TLAST         |   in|    1|        axis|             input_stream_V_last_V|       pointer|
|input_stream_TKEEP         |   in|    8|        axis|             input_stream_V_keep_V|       pointer|
|input_stream_TSTRB         |   in|    8|        axis|             input_stream_V_strb_V|       pointer|
|message_done_1_out         |  out|    1|      ap_vld|                message_done_1_out|       pointer|
|message_done_1_out_ap_vld  |  out|    1|      ap_vld|                message_done_1_out|       pointer|
+---------------------------+-----+-----+------------+----------------------------------+--------------+

