#-----------------------------------------------------------
# Vivado v2025.2 (64-bit)
# SW Build 6299465 on Fri Nov 14 19:35:11 GMT 2025
# IP Build 6300035 on Fri Nov 14 10:48:45 MST 2025
# SharedData Build 6298862 on Thu Nov 13 04:50:51 MST 2025
# Start of session at: Thu Dec 25 01:33:37 2025
# Process ID         : 35116
# Current directory  : C:/Users/jakub/projects/rim-projekt/keccak/keccak.runs/top_clk_wiz_0_0_synth_1
# Command line       : vivado.exe -log top_clk_wiz_0_0.vds -product Vivado -mode batch -messageDb vivado.pb -notrace -source top_clk_wiz_0_0.tcl
# Log file           : C:/Users/jakub/projects/rim-projekt/keccak/keccak.runs/top_clk_wiz_0_0_synth_1/top_clk_wiz_0_0.vds
# Journal file       : C:/Users/jakub/projects/rim-projekt/keccak/keccak.runs/top_clk_wiz_0_0_synth_1\vivado.jou
# Running On         : DESKTOP-DI4989O
# Platform           : Windows Server 2016 or Windows 10
# Operating System   : 26200
# Processor Detail   : AMD Ryzen 9 7900X 12-Core Processor            
# CPU Frequency      : 4700 MHz
# CPU Physical cores : 12
# CPU Logical cores  : 24
# Host memory        : 67756 MB
# Swap memory        : 9663 MB
# Total Virtual      : 77420 MB
# Available Virtual  : 33554 MB
#-----------------------------------------------------------
source top_clk_wiz_0_0.tcl -notrace
